// Jest Snapshot v1, https://goo.gl/fbAQLP

exports[`Render LoadScreen correctly Render data the right way 1`] = `
<div
  className="movie-card__wrap"
>
  <div
    className="movie-card__info"
  >
    <div
      className="movie-card__poster"
    >
      <img
        alt="Mortal Combat"
        height="327"
        src="https://player.vimeo.com/external/290130710.sd.mp4?s=7fa79288de952b505d7cc58e014712de048cac87&profile_id=164&oauth2_token_id=57447761"
        width="218"
      />
    </div>
    <div
      className="movie-card__desc"
    >
      <h2
        className="movie-card__title"
      >
        Mortal Combat
      </h2>
      <p
        className="movie-card__meta"
      >
        <span
          className="movie-card__genre"
        >
          thriller
        </span>
        <span
          className="movie-card__year"
        >
          1999
        </span>
      </p>
      <div
        className="movie-card__buttons"
      >
        <a
          className="btn btn--play movie-card__button"
          href="/player/19082"
          onClick={[Function]}
        >
          <svg
            height="19"
            viewBox="0 0 19 19"
            width="19"
          >
            <use
              xlinkHref="#play-s"
            />
          </svg>
          <span>
            Play
          </span>
        </a>
        <a
          className="btn btn--list movie-card__button"
          href="/login"
          onClick={[Function]}
        >
          <svg
            height="20"
            viewBox="0 0 19 20"
            width="19"
          >
            <use
              xlinkHref="#add"
            />
          </svg>
          <span>
            My list
          </span>
        </a>
      </div>
    </div>
  </div>
</div>
`;
