// Jest Snapshot v1, https://goo.gl/fbAQLP

exports[`withPopup is rendered correctly 1`] = `
Array [
  <nav
    className="movie-nav movie-card__nav"
  >
    <ul
      className="movie-nav__list"
    >
      <li
        className="movie-nav__item movie-nav__item--active"
        onClick={[Function]}
      >
        <a
          className="movie-nav__link"
          href="#"
        >
          Overview
        </a>
      </li>
      <li
        className="movie-nav__item"
        onClick={[Function]}
      >
        <a
          className="movie-nav__link"
          href="#"
        >
          Details
        </a>
      </li>
      <li
        className="movie-nav__item"
        onClick={[Function]}
      >
        <a
          className="movie-nav__link"
          href="#"
        >
          Reviews
        </a>
      </li>
    </ul>
  </nav>,
  <div
    className="movie-rating"
  >
    <div
      className="movie-rating__score"
    >
      6
    </div>
    <p
      className="movie-rating__meta"
    >
      <span
        className="movie-rating__level"
      >
        Good
      </span>
      <span
        className="movie-rating__count"
      >
        102023
         ratings
      </span>
    </p>
  </div>,
  <div
    className="movie-card__text"
  >
    <p>
      Lorem ipsum dolor sit amet, consectetur adipiscing elit, sed do eiusmod tempor incididunt ut labore et dolore magna aliqua. Ut enim ad minim veniam, quis nostrud exercitation ullamco laboris nisi ut aliquip ex ea commodo consequat. Duis aute irure dolor in reprehenderit in voluptate velit esse cillum dolore eu fugiat nulla pariatur. Excepteur sint occaecat cupidatat non proident, sunt in culpa qui officia deserunt mollit anim id est laborum.
    </p>
    <p
      className="movie-card__director"
    >
      <strong>
        Director: 
        Ganibal King
      </strong>
    </p>
    <p
      className="movie-card__starring"
    >
      <strong>
        Starring:
        Tom Cruz, 
        Jessy Soencer, 
        Alf Tompson
      </strong>
    </p>
  </div>,
]
`;
