// Jest Snapshot v1, https://goo.gl/fbAQLP

exports[`Render LoadScreen correctly Render data the right way 1`] = `
<div
  className="player"
>
  <video
    autoPlay={true}
    className="player__video"
    onClick={[Function]}
    onPause={[Function]}
    onPlay={[Function]}
    onTimeUpdate={[Function]}
    src="https://player.vimeo.com/external/368010126.sd.mp4?s=ed2b36a42d2ac7b22000ed0f4ea187df7091423b&profile_id=139&oauth2"
  />
  <button
    className="player__exit"
    onClick={[Function]}
    type="button"
  >
    Exit
  </button>
  <div
    className="player__controls"
  >
    <div
      className="player__controls-row"
    >
      <div
        className="player__time"
      >
        <progress
          className="player__progress"
          max="100"
          value={0}
        />
        <div
          className="player__toggler"
          style={
            Object {
              "left": 0,
            }
          }
        >
          Toggler
        </div>
      </div>
      <div
        className="player__time-value"
      >
        0:0:00
      </div>
    </div>
    <div
      className="player__controls-row"
    >
      <button
        className="player__play"
        onClick={[Function]}
        type="button"
      >
        <svg
          height="19"
          viewBox="0 0 19 19"
          width="19"
        >
          <use
            xlinkHref="#play-s"
          />
        </svg>
        <span>
          Play
        </span>
      </button>
      <div
        className="player__name"
      >
        Play
      </div>
      <button
        className="player__full-screen"
        type="button"
      >
        <svg
          height="27"
          viewBox="0 0 27 27"
          width="27"
        >
          <use
            xlinkHref="#full-screen"
          />
        </svg>
        <span>
          Full screen
        </span>
      </button>
    </div>
  </div>
</div>
`;
