// Jest Snapshot v1, https://goo.gl/fbAQLP

exports[`Render FilmCard correctly Render mock data the right way 1`] = `
<article
  className="small-movie-card catalog__movies-card"
>
  <a
    href="/films/19082"
    onClick={[Function]}
  >
    <div
      className="small-movie-card__image"
      onClick={[Function]}
      onMouseEnter={[Function]}
      onMouseLeave={[Function]}
    >
      <video />
    </div>
  </a>
  <h3
    className="small-movie-card__title"
  >
    <a
      className="small-movie-card__link"
      href="movie-page.html"
    >
      Mortal Combat
    </a>
  </h3>
</article>
`;
