// Jest Snapshot v1, https://goo.gl/fbAQLP

exports[`Render Popup correctly Render mock data the right way 1`] = `
Array [
  <section
    className="movie-card movie-card--full"
    style={
      Object {
        "background": "#000000",
      }
    }
  >
    <div
      className="movie-card__hero"
    >
      <div
        className="movie-card__bg"
      >
        <img
          alt="Mortal Combat"
          src="https://player.vimeo.com/external"
        />
      </div>
      <h1
        className="visually-hidden"
      >
        WTW
      </h1>
      <header
        className="page-header movie-card__head"
      >
        <div
          className="logo"
        >
          <a
            className="logo__link"
            href="/"
            onClick={[Function]}
          >
            <span
              className="logo__letter logo__letter--1"
            >
              W
            </span>
            <span
              className="logo__letter logo__letter--2"
            >
              T
            </span>
            <span
              className="logo__letter logo__letter--3"
            >
              W
            </span>
          </a>
        </div>
        <div
          className="user-block"
        >
          <a
            className="user-block__link"
            href="/login"
            onClick={[Function]}
          >
            Sign in
          </a>
        </div>
      </header>
      <div
        className="movie-card__wrap"
      >
        <div
          className="movie-card__desc"
        >
          <h2
            className="movie-card__title"
          >
            Mortal Combat
          </h2>
          <p
            className="movie-card__meta"
          >
            <span
              className="movie-card__genre"
            >
              thriller
            </span>
            <span
              className="movie-card__year"
            >
              1999
            </span>
          </p>
          <div
            className="movie-card__buttons"
          >
            <a
              className="btn btn--play movie-card__button"
              href="/player/19082"
              onClick={[Function]}
            >
              <svg
                height="19"
                viewBox="0 0 19 19"
                width="19"
              >
                <use
                  xlinkHref="#play-s"
                />
              </svg>
              <span>
                Play
              </span>
            </a>
            <a
              className="btn btn--list movie-card__button"
              href="/login"
              onClick={[Function]}
            >
              <svg
                height="20"
                viewBox="0 0 19 20"
                width="19"
              >
                <use
                  xlinkHref="#add"
                />
              </svg>
              <span>
                My list
              </span>
            </a>
            <a
              className="btn movie-card__button"
              href="/films/19082/review"
              onClick={[Function]}
            >
              Add review
            </a>
          </div>
        </div>
      </div>
    </div>
    <div
      className="movie-card__wrap movie-card__translate-top"
    >
      <div
        className="movie-card__info"
      >
        <div
          className="movie-card__poster movie-card__poster--big"
        >
          <img
            alt="Mortal Combat"
            height="327"
            src="https://player.vimeo.com/external/290130710.sd.mp4?s=7fa79288de952b505d7cc58e014712de048cac87&profile_id=164&oauth2_token_id=57447761"
            width="218"
          />
        </div>
        <div
          className="movie-card__desc"
        >
          <nav
            className="movie-nav movie-card__nav"
          >
            <ul
              className="movie-nav__list"
            >
              <li
                className="movie-nav__item movie-nav__item--active"
                onClick={[Function]}
              >
                <a
                  className="movie-nav__link"
                  href="#"
                >
                  Overview
                </a>
              </li>
              <li
                className="movie-nav__item"
                onClick={[Function]}
              >
                <a
                  className="movie-nav__link"
                  href="#"
                >
                  Details
                </a>
              </li>
              <li
                className="movie-nav__item"
                onClick={[Function]}
              >
                <a
                  className="movie-nav__link"
                  href="#"
                >
                  Reviews
                </a>
              </li>
            </ul>
          </nav>
        </div>
      </div>
    </div>
  </section>,
  <div
    className="page-content"
  >
    <section
      className="catalog catalog--like-this"
    >
      <h2
        className="catalog__title"
      >
        More like this
      </h2>
      <div
        className="catalog__movies-list"
      >
        <article
          className="small-movie-card catalog__movies-card"
        >
          <a
            href="/films/12"
            onClick={[Function]}
          >
            <div
              className="small-movie-card__image"
              onClick={[Function]}
              onMouseEnter={[Function]}
              onMouseLeave={[Function]}
            >
              <img
                alt="The ghoustbusters"
                height="175"
                src="https://player.vimeo.com/external/368010126.sd.mp4?s=ed2b36a42d2ac7b22000ed0f4ea187df7091423b&profile_id=139&oauth2"
                width="280"
              />
            </div>
          </a>
          <h3
            className="small-movie-card__title"
          >
            <a
              className="small-movie-card__link"
              href="movie-page.html"
            >
              The ghoustbusters
            </a>
          </h3>
        </article>
        <article
          className="small-movie-card catalog__movies-card"
        >
          <a
            href="/films/19082"
            onClick={[Function]}
          >
            <div
              className="small-movie-card__image"
              onClick={[Function]}
              onMouseEnter={[Function]}
              onMouseLeave={[Function]}
            >
              <img
                alt="Mortal Combat"
                height="175"
                src="https://player.vimeo.com/external/368010126.sd.mp4?s=ed2b36a42d2ac7b22000ed0f4ea187df7091423b&profile_id=139&oauth2"
                width="280"
              />
            </div>
          </a>
          <h3
            className="small-movie-card__title"
          >
            <a
              className="small-movie-card__link"
              href="movie-page.html"
            >
              Mortal Combat
            </a>
          </h3>
        </article>
        <article
          className="small-movie-card catalog__movies-card"
        >
          <a
            href="/films/1908"
            onClick={[Function]}
          >
            <div
              className="small-movie-card__image"
              onClick={[Function]}
              onMouseEnter={[Function]}
              onMouseLeave={[Function]}
            >
              <img
                alt="The time"
                height="175"
                src="https://player.vimeo.com/external/368010126.sd.mp4?s=ed2b36a42d2ac7b22000ed0f4ea187df7091423b&profile_id=139&oauth2"
                width="280"
              />
            </div>
          </a>
          <h3
            className="small-movie-card__title"
          >
            <a
              className="small-movie-card__link"
              href="movie-page.html"
            >
              The time
            </a>
          </h3>
        </article>
      </div>
    </section>
    <footer
      className="page-footer"
    >
      <div
        className="logo"
      >
        <a
          className="logo__link logo__link--light"
          href="main.html"
        >
          <span
            className="logo__letter logo__letter--1"
          >
            W
          </span>
          <span
            className="logo__letter logo__letter--2"
          >
            T
          </span>
          <span
            className="logo__letter logo__letter--3"
          >
            W
          </span>
        </a>
      </div>
      <div
        className="copyright"
      >
        <p>
          Â© 2019 What to watch Ltd.
        </p>
      </div>
    </footer>
  </div>,
]
`;
