// Jest Snapshot v1, https://goo.gl/fbAQLP

exports[`Render Review correctly Render mock data the right way 1`] = `
<section
  className="movie-card movie-card--full"
  style={
    Object {
      "background": "#000000",
    }
  }
>
  <div
    className="movie-card__header"
  >
    <div
      className="movie-card__bg"
    >
      <img
        alt="Mortal Combat"
        src="https://player.vimeo.com/external"
      />
    </div>
    <h1
      className="visually-hidden"
    >
      WTW
    </h1>
    <header
      className="page-header"
    >
      <div
        className="logo"
      >
        <a
          className="logo__link"
          href="/"
          onClick={[Function]}
        >
          <span
            className="logo__letter logo__letter--1"
          >
            W
          </span>
          <span
            className="logo__letter logo__letter--2"
          >
            T
          </span>
          <span
            className="logo__letter logo__letter--3"
          >
            W
          </span>
        </a>
      </div>
      <nav
        className="breadcrumbs"
      >
        <ul
          className="breadcrumbs__list"
        >
          <li
            className="breadcrumbs__item"
          >
            <a
              className="breadcrumbs__link"
              href="#"
            >
              Mortal Combat
            </a>
          </li>
          <li
            className="breadcrumbs__item"
          >
            <a
              className="breadcrumbs__link"
            >
              Add review
            </a>
          </li>
        </ul>
      </nav>
      <div
        className="user-block"
      >
        <a
          href="/mylist"
          onClick={[Function]}
        >
          <div
            className="user-block__avatar"
          >
            <img
              alt="User avatar"
              height="63"
              src="/img/avatar.jpg"
              width="63"
            />
          </div>
        </a>
      </div>
    </header>
    <div
      className="movie-card__poster movie-card__poster--small"
    >
      <img
        alt="Mortal Combat"
        height="327"
        src="https://player.vimeo.com/external/290130710.sd.mp4?s=7fa79288de952b505d7cc58e014712de048cac87&profile_id=164&oauth2_token_id=57447761"
        width="218"
      />
    </div>
  </div>
  <div
    className="add-review"
  >
    <form
      action="#"
      className="add-review__form"
      onSubmit={[Function]}
    >
      <div
        className="rating"
      >
        <div
          className="rating__stars"
        >
          <input
            className="rating__input"
            disabled={false}
            id="star-0"
            name="rating"
            onChange={[Function]}
            type="radio"
            value={0}
          />
          <label
            className="rating__label"
            htmlFor="star-0"
          >
            Rating 
            0
          </label>
          <input
            className="rating__input"
            disabled={false}
            id="star-1"
            name="rating"
            onChange={[Function]}
            type="radio"
            value={1}
          />
          <label
            className="rating__label"
            htmlFor="star-1"
          >
            Rating 
            1
          </label>
          <input
            className="rating__input"
            disabled={false}
            id="star-2"
            name="rating"
            onChange={[Function]}
            type="radio"
            value={2}
          />
          <label
            className="rating__label"
            htmlFor="star-2"
          >
            Rating 
            2
          </label>
          <input
            className="rating__input"
            disabled={false}
            id="star-3"
            name="rating"
            onChange={[Function]}
            type="radio"
            value={3}
          />
          <label
            className="rating__label"
            htmlFor="star-3"
          >
            Rating 
            3
          </label>
          <input
            className="rating__input"
            disabled={false}
            id="star-4"
            name="rating"
            onChange={[Function]}
            type="radio"
            value={4}
          />
          <label
            className="rating__label"
            htmlFor="star-4"
          >
            Rating 
            4
          </label>
        </div>
      </div>
      <div
        className="add-review__text"
      >
        <textarea
          className="add-review__textarea"
          disabled={false}
          id="review-text"
          name="review-text"
          onChange={[Function]}
          placeholder="Review text"
        />
        <div
          className="add-review__submit"
        >
          <button
            className="add-review__btn"
            disabled={false}
            type="submit"
          >
            Post
          </button>
        </div>
      </div>
    </form>
  </div>
</section>
`;
