// Jest Snapshot v1, https://goo.gl/fbAQLP

exports[`Render Favorite list correctly Render mock data the right way 1`] = `
<div
  className="user-page"
>
  <header
    className="page-header user-page__head"
  >
    <div
      className="logo"
    >
      <a
        className="logo__link"
        href="/"
        onClick={[Function]}
      >
        <span
          className="logo__letter logo__letter--1"
        >
          W
        </span>
        <span
          className="logo__letter logo__letter--2"
        >
          T
        </span>
        <span
          className="logo__letter logo__letter--3"
        >
          W
        </span>
      </a>
    </div>
    <h1
      className="page-title user-page__title"
    >
      My list
    </h1>
    <div
      className="user-block"
    >
      <div
        className="user-block__avatar"
      >
        <img
          alt="User avatar"
          height="63"
          src="img/avatar.jpg"
          width="63"
        />
      </div>
    </div>
  </header>
  <section
    className="catalog"
  >
    <h2
      className="catalog__title visually-hidden"
    >
      Catalog
    </h2>
    <div
      className="catalog__movies-list"
    >
      <article
        className="small-movie-card catalog__movies-card"
      >
        <a
          href="/films/12"
          onClick={[Function]}
        >
          <div
            className="small-movie-card__image"
            onClick={[Function]}
            onMouseEnter={[Function]}
            onMouseLeave={[Function]}
          >
            <img
              alt="The ghoustbusters"
              height="175"
              src="https://player.vimeo.com/external/368010126.sd.mp4?s=ed2b36a42d2ac7b22000ed0f4ea187df7091423b&profile_id=139&oauth2"
              width="280"
            />
          </div>
        </a>
        <h3
          className="small-movie-card__title"
        >
          <a
            className="small-movie-card__link"
            href="movie-page.html"
          >
            The ghoustbusters
          </a>
        </h3>
      </article>
      <article
        className="small-movie-card catalog__movies-card"
      >
        <a
          href="/films/19082"
          onClick={[Function]}
        >
          <div
            className="small-movie-card__image"
            onClick={[Function]}
            onMouseEnter={[Function]}
            onMouseLeave={[Function]}
          >
            <img
              alt="Mortal Combat"
              height="175"
              src="https://player.vimeo.com/external/368010126.sd.mp4?s=ed2b36a42d2ac7b22000ed0f4ea187df7091423b&profile_id=139&oauth2"
              width="280"
            />
          </div>
        </a>
        <h3
          className="small-movie-card__title"
        >
          <a
            className="small-movie-card__link"
            href="movie-page.html"
          >
            Mortal Combat
          </a>
        </h3>
      </article>
      <article
        className="small-movie-card catalog__movies-card"
      >
        <a
          href="/films/1908"
          onClick={[Function]}
        >
          <div
            className="small-movie-card__image"
            onClick={[Function]}
            onMouseEnter={[Function]}
            onMouseLeave={[Function]}
          >
            <img
              alt="The time"
              height="175"
              src="https://player.vimeo.com/external/368010126.sd.mp4?s=ed2b36a42d2ac7b22000ed0f4ea187df7091423b&profile_id=139&oauth2"
              width="280"
            />
          </div>
        </a>
        <h3
          className="small-movie-card__title"
        >
          <a
            className="small-movie-card__link"
            href="movie-page.html"
          >
            The time
          </a>
        </h3>
      </article>
    </div>
  </section>
  <footer
    className="page-footer"
  >
    <div
      className="logo"
    >
      <a
        className="logo__link logo__link--light"
        href="main.html"
      >
        <span
          className="logo__letter logo__letter--1"
        >
          W
        </span>
        <span
          className="logo__letter logo__letter--2"
        >
          T
        </span>
        <span
          className="logo__letter logo__letter--3"
        >
          W
        </span>
      </a>
    </div>
    <div
      className="copyright"
    >
      <p>
        Â© 2019 What to watch Ltd.
      </p>
    </div>
  </footer>
</div>
`;
